============================= test session starts =============================
platform win32 -- Python 3.11.9, pytest-9.0.2, pluggy-1.6.0 -- C:\Users\Litun\AppData\Local\Programs\Python\Python311\python.exe
cachedir: .pytest_cache
rootdir: C:\Users\Litun\Desktop\DND Project\dnd-companion
configfile: pytest.ini
plugins: anyio-3.7.1, asyncio-1.3.0, base-url-2.1.0, playwright-0.7.2
asyncio: mode=Mode.AUTO, debug=False, asyncio_default_fixture_loop_scope=None, asyncio_default_test_loop_scope=function
collecting ... collected 129 items

tests/test_builder_hex_coords.py::TestHexCoordRoundtrip::test_odd_r_roundtrip_all_cells PASSED [  0%]
tests/test_builder_hex_coords.py::TestHexCoordRoundtrip::test_axial_old_diverges_from_odd_r PASSED [  1%]
tests/test_cache_bust.py::test_rewrite_inserts_hash PASSED               [  2%]
tests/test_cache_bust.py::test_rewrite_idempotent PASSED                 [  3%]
tests/test_cache_bust.py::test_rewrite_missing_file PASSED               [  3%]
tests/test_delete_guard.py::test_delete_bv2_map_cleans_all_child_tables PASSED [  4%]
tests/test_demo_map_seed.py::test_seed_script_is_idempotent PASSED       [  5%]
tests/test_demo_map_seed.py::test_all_5_locations_exist PASSED           [  6%]
tests/test_demo_map_seed.py::test_dungeon_is_fully_dark PASSED           [  6%]
tests/test_demo_map_seed.py::test_boss_chest_has_4_items PASSED          [  7%]
tests/test_demo_map_seed.py::test_edges_connect_all_locations PASSED     [  8%]
tests/test_edge_transition.py::test_player_transitions_through_edge PASSED [  9%]
tests/test_grid_lod.py::test_grid_hidden_when_cells_under_6px PASSED     [ 10%]
tests/test_grid_lod.py::test_grid_visible_when_cells_over_6px PASSED     [ 10%]
tests/test_grid_lod.py::test_grid_at_exact_threshold PASSED              [ 11%]
tests/test_grid_lod.py::test_grid_just_below_threshold PASSED            [ 12%]
tests/test_interior_perimeter.py::test_building_zone_creates_perimeter_walls PASSED [ 13%]
tests/test_interior_perimeter.py::test_non_building_zone_does_not_create_walls PASSED [ 13%]
tests/test_lighting_bug_b.py::test_light_with_null_bright_radius_serializes_cleanly PASSED [ 14%]
tests/test_location_ambient.py::test_patch_location_ambient_light PASSED [ 15%]
tests/test_movement_bug_a.py::test_floor_tile_does_not_block_movement PASSED [ 16%]
tests/test_movement_bug_a.py::test_wall_tile_blocks_movement PASSED      [ 17%]
tests/test_phase10_demo_seed.py::test_phase10_demo_seed_creates_full_world PASSED [ 17%]
tests/test_phase13_lighting_r1.py::TestRaycastPolygonOpenSpace::test_polygon_expands_to_full_radius PASSED [ 18%]
tests/test_phase13_lighting_r1.py::TestRaycastPolygonOpenSpace::test_polygon_is_convex_in_open_space PASSED [ 19%]
tests/test_phase13_lighting_r1.py::TestRaycastPolygonClippedByWall::test_eastern_ray_clipped_by_wall PASSED [ 20%]
tests/test_phase13_lighting_r1.py::TestRaycastPolygonClippedByWall::test_western_ray_unaffected PASSED [ 20%]
tests/test_phase13_lighting_r1.py::TestRaycastPolygonHexGrid::test_hex_open_space_reaches_radius PASSED [ 21%]
tests/test_phase13_lighting_r1.py::TestRaycastPolygonHexGrid::test_hex_wall_clips_rays PASSED [ 22%]
tests/test_phase13_lighting_r2.py::test_create_light_with_bright_radius PASSED [ 23%]
tests/test_phase13_lighting_r2.py::test_create_light_auto_bright_radius PASSED [ 24%]
tests/test_phase13_lighting_r2.py::test_patch_light_bright_radius PASSED [ 24%]
tests/test_phase13_lighting_r2.py::test_bridge_payload_resolves_auto_bright_radius PASSED [ 25%]
tests/test_smoke.py::test_server_info PASSED                             [ 26%]
tests/test_smoke.py::test_create_session PASSED                          [ 27%]
tests/test_smoke.py::test_list_characters_empty PASSED                   [ 27%]
tests/test_smoke.py::test_join_session_creates_character PASSED          [ 28%]
tests/test_smoke.py::test_npc_library_endpoints PASSED                   [ 29%]
tests/test_smoke.py::test_item_categories_seeded PASSED                  [ 30%]
tests/test_smoke.py::test_items_list PASSED                              [ 31%]
tests/test_smoke.py::test_abilities_list PASSED                          [ 31%]
tests/test_smoke.py::test_races_list PASSED                              [ 32%]
tests/test_smoke.py::test_classes_list PASSED                            [ 33%]
tests/test_smoke.py::test_map_state PASSED                               [ 34%]
tests/test_smoke.py::test_combat_active_none PASSED                      [ 34%]
tests/test_smoke.py::test_quest_templates_list PASSED                    [ 35%]
tests/test_smoke.py::test_quests_for_session PASSED                      [ 36%]
tests/test_smoke.py::test_character_currency PASSED                      [ 37%]
tests/test_smoke.py::test_announcements_for_session PASSED               [ 37%]
tests/test_smoke.py::test_status_effects_templates PASSED                [ 38%]
tests/test_smoke.py::test_all_routers_importable PASSED                  [ 39%]
tests/test_smoke.py::test_bv2_full_edit_flow PASSED                      [ 40%]
tests/test_smoke.py::test_bv2_out_of_bounds_tiles_rejected PASSED        [ 41%]
tests/test_smoke.py::test_bv2_404s PASSED                                [ 41%]
tests/test_smoke.py::test_bv2_delete_cascades PASSED                     [ 42%]
tests/test_smoke.py::test_bv2_entity_crud PASSED                         [ 43%]
tests/test_smoke.py::test_bv2_entity_types_validated PASSED              [ 44%]
tests/test_smoke.py::test_bv2_entity_cascade_on_location_delete PASSED   [ 44%]
tests/test_smoke.py::test_bv2_entity_move_bounds_clamped PASSED          [ 45%]
tests/test_smoke.py::test_bv2_visit_persists PASSED                      [ 46%]
tests/test_smoke.py::test_bv2_visit_merges_not_replaces PASSED           [ 47%]
tests/test_smoke.py::test_bv2_visit_discovers_entities_in_visible_cells PASSED [ 48%]
tests/test_smoke.py::test_bv2_visit_respects_visible_to_players PASSED   [ 48%]
tests/test_smoke.py::test_bv2_sight_range_cells_exposed PASSED           [ 49%]
tests/test_smoke.py::test_bv2_light_crud PASSED                          [ 50%]
tests/test_smoke.py::test_bv2_light_affects_visibility PASSED            [ 51%]
tests/test_smoke.py::test_bv2_character_carried_light PASSED             [ 51%]
tests/test_smoke.py::test_bv2_location_ambient_light_zero_persists PASSED [ 52%]
tests/test_smoke.py::test_bv2_carried_light_not_in_location_payload PASSED [ 53%]
tests/test_smoke.py::test_bv2_location_delete_keeps_carried_lights PASSED [ 54%]
tests/test_smoke.py::test_bv2_edge_crud PASSED                           [ 55%]
tests/test_smoke.py::test_bv2_edge_transition_on_move PASSED             [ 55%]
tests/test_smoke.py::test_bv2_first_placement_does_not_trigger_edge PASSED [ 56%]
tests/test_smoke.py::test_bv2_location_delete_nullifies_incoming_edges PASSED [ 57%]
tests/test_smoke.py::test_bv2_character_grid_position_exposed PASSED     [ 58%]
tests/test_smoke.py::test_bv2_edge_range_clamping PASSED                 [ 58%]
tests/test_smoke.py::test_bv2_library_save_and_load PASSED               [ 59%]
tests/test_smoke.py::test_bv2_chest_full_config_roundtrip PASSED         [ 60%]
tests/test_smoke.py::test_bv2_trap_full_config_roundtrip PASSED          [ 61%]
tests/test_smoke.py::test_bv2_portal_full_config_roundtrip PASSED        [ 62%]
tests/test_smoke.py::test_bv2_portal_target_nullified_on_target_delete PASSED [ 62%]
tests/test_smoke.py::test_bv2_npc_spawn_full_config_roundtrip PASSED     [ 63%]
tests/test_smoke.py::test_bv2_cover_zone_multi_cell_roundtrip PASSED     [ 64%]
tests/test_smoke.py::test_bv2_chest_with_items_appears_in_player_map_state PASSED [ 65%]
tests/test_smoke.py::test_bv2_location_delete_nullifies_character_pointer PASSED [ 65%]
tests/test_smoke.py::test_bv2_location_hex_grid_persists PASSED          [ 66%]
tests/test_smoke.py::test_bv2_active_map_surfaces_on_legacy_map_endpoint PASSED [ 67%]
tests/test_smoke.py::test_bv2_library_load_then_activate_surfaces PASSED [ 68%]
tests/test_smoke.py::test_phase7_bridge_payload_keeps_bv2_chests_with_null_active_floor_id PASSED [ 68%]
tests/test_smoke.py::test_phase7_library_load_then_activate_via_ui_flow PASSED [ 69%]
tests/test_smoke.py::test_bv2_bridge_payload_includes_lights_and_edges PASSED [ 70%]
tests/test_smoke.py::test_bv2_bridge_payload_revealed_cells_for_character PASSED [ 71%]
tests/test_smoke.py::test_bv2_bridge_payload_revealed_cells_empty_without_character_id PASSED [ 72%]
tests/test_smoke.py::test_bv2_shift_location_content PASSED              [ 72%]
tests/test_smoke.py::test_phase9_load_as_map_preserves_snapshot_name PASSED [ 73%]
tests/test_smoke.py::test_phase9_save_and_load_preserves_tiles PASSED    [ 74%]
tests/test_smoke.py::test_phase9_interior_zone_crud PASSED               [ 75%]
tests/test_smoke.py::test_phase9_bridge_includes_interiors PASSED        [ 75%]
tests/test_smoke.py::test_phase9_bridge_excludes_chars_from_other_locations PASSED [ 76%]
tests/test_smoke.py::test_phase9_npc_spawn_on_enter PASSED               [ 77%]
tests/test_smoke.py::test_phase9_edge_transition_moves_character PASSED  [ 78%]
tests/test_smoke.py::test_phase9_spawn_helper_dedupes_seeding PASSED     [ 79%]
tests/test_smoke.py::test_phase9_door_open_persists_and_surfaces PASSED  [ 79%]
tests/test_smoke.py::test_phase10_building_atomic_walls_floor_door_zone PASSED [ 80%]
tests/test_smoke.py::test_phase10_lighting_state_in_bridge PASSED        [ 81%]
tests/test_smoke.py::test_phase10_shadowcast_light_blocked_by_wall PASSED [ 82%]
tests/test_smoke.py::test_phase10_visit_roundtrip_with_walls PASSED      [ 82%]
tests/test_smoke.py::test_phase10_visit_per_character_isolated PASSED    [ 83%]
tests/test_smoke.py::test_wizard_feature_roll_finds_starting_pool_ability PASSED [ 84%]
tests/test_smoke.py::test_wizard_feature_roll_case_insensitive_rarity FAILED [ 85%]
tests/test_smoke.py::test_phase11_legacy_drag_triggers_edge_transition PASSED [ 86%]
tests/test_smoke.py::test_phase11_interior_zone_full_cells_persist PASSED [ 86%]
tests/test_smoke.py::test_phase11_location_activate_emits_ws PASSED      [ 87%]
tests/test_smoke.py::test_phase11_5_player_view_follows_character_location FAILED [ 88%]
tests/test_smoke.py::test_phase11_5_walls_block_vision_in_bridge PASSED  [ 89%]
tests/test_smoke.py::test_phase11_5_step_inside_target_location_does_not_warp_back PASSED [ 89%]
tests/test_smoke.py::test_phase11_5_wall_check_uses_character_location PASSED [ 90%]
tests/test_smoke.py::test_phase12_sprite_assets_present PASSED           [ 91%]
tests/test_smoke.py::test_phase12_token_image_url_in_payload PASSED      [ 92%]
tests/test_trap_trigger.py::test_trap_triggers_and_deals_damage PASSED   [ 93%]
tests/test_trap_trigger.py::test_trap_misses_on_low_roll PASSED          [ 93%]
tests/test_viewport_cull.py::TestViewportCullSquare::test_origin_visible_rect PASSED [ 94%]
tests/test_viewport_cull.py::TestViewportCullSquare::test_panned_far_right PASSED [ 95%]
tests/test_viewport_cull.py::TestViewportCullHex::test_origin_hex PASSED [ 96%]
tests/test_viewport_cull.py::TestViewportCullHex::test_panned_far_right_hex PASSED [ 96%]
tests/test_vision_blocking.py::test_open_room_fully_visible PASSED       [ 97%]
tests/test_vision_blocking.py::test_wall_blocks_vision PASSED            [ 98%]
tests/test_vision_blocking.py::test_wall_does_not_block_perpendicular PASSED [ 99%]
tests/test_zone_tile.py::test_zone_tile_does_not_block PASSED            [100%]

================================== FAILURES ===================================
______________ test_wizard_feature_roll_case_insensitive_rarity _______________
tests\test_smoke.py:2091: in test_wizard_feature_roll_case_insensitive_rarity
    assert ab["rarity"] == "common"  # normalized on storage
    ^^^^^^^^^^^^^^^^^^^^^^^^^^^^^^^
E   AssertionError: assert 'Common' == 'common'
E     
E     - common
E     ? ^
E     + Common
E     ? ^
____________ test_phase11_5_player_view_follows_character_location ____________
tests\test_smoke.py:2243: in test_phase11_5_player_view_follows_character_location
    assert pl["bv2_active_location_id"] == loc_b
E   assert 8670 == 8671
=========================== short test summary info ===========================
FAILED tests/test_smoke.py::test_wizard_feature_roll_case_insensitive_rarity
FAILED tests/test_smoke.py::test_phase11_5_player_view_follows_character_location
======================= 2 failed, 127 passed in 15.87s ========================
